
> oddava.me@1.0.0 build C:\Projects\oddava.me
> node scripts/build-with-retry.mjs

[2m21:14:25[22m [34m[@astrojs/cloudflare][39m Enabling compile-time image optimization. Images will be pre-optimized at build time.
Using secrets defined in .env
[2m21:14:28[22m [34m[content][39m Syncing content
[2m21:14:28[22m [34m[content][39m Synced content
[2m21:14:28[22m [34m[types][39m Generated [2m2.73s[22m
[2m21:14:28[22m [34m[build][39m output: [34m"server"[39m
[2m21:14:28[22m [34m[build][39m mode: [34m"server"[39m
[2m21:14:28[22m [34m[build][39m directory: [34mC:\Projects\oddava.me\dist\[39m
[2m21:14:28[22m [34m[build][39m adapter: [32m@astrojs/cloudflare[39m
[2m21:14:28[22m [34m[build][39m Collecting build info...
[2m21:14:28[22m [34m[build][39m [32m✓ Completed in 2.79s.[39m
[2m21:14:28[22m [34m[build][39m Building server entrypoints...
Using secrets defined in .env
[2m21:14:31[22m [34m[vite][39m [32m✓ built in 3.33s[39m
Using secrets defined in .env
[2m21:14:33[22m [34m[vite][39m [32m✓ built in 2.04s[39m
[33m[1m21:14:42[22m [WARN] [vite][39m [33m
(!) Some chunks are larger than 500 kB after minification. Consider:
- Using dynamic import() to code-split the application
- Use build.rollupOptions.output.manualChunks to improve chunking: https://rollupjs.org/configuration-options/#output-manualchunks
- Adjust chunk size limit for this warning via build.chunkSizeWarningLimit.[39m
[2m21:14:42[22m [34m[vite][39m [32m✓ built in 8.99s[39m
[2mDefault inspector port 9229 not available, using 9230 instead
[22m
Using secrets defined in dist\server\.prerender\.dev.vars

[42m[30m prerendering static routes [39m[49m
[2m21:14:43[22m   [34m├─[39m [2m/about/index.html[22m [2m(+49ms)[22m 
[2m21:14:43[22m   [34m├─[39m [2m/blog/my-first-blog-post/index.html[22m [2m(+26ms)[22m 
[2m21:14:43[22m   [34m├─[39m [2m/blog/index.html[22m [2m(+28ms)[22m 
[2m21:14:43[22m   [34m├─[39m [2m/library/index.html[22m [31m(+508ms)[39m 
[2m21:14:44[22m   [34m├─[39m [2m/links/index.html[22m [2m(+14ms)[22m 
[2m21:14:44[22m   [34m├─[39m [2m/projects/anishows/index.html[22m [2m(+17ms)[22m 
[2m21:14:44[22m   [34m├─[39m [2m/projects/oddava-me/index.html[22m [2m(+16ms)[22m 
[2m21:14:44[22m   [34m├─[39m [2m/projects/index.html[22m [2m(+15ms)[22m 
[2m21:14:44[22m   [34m├─[39m [2m/rss.xml[22m [2m(+14ms)[22m 
[2m21:14:44[22m   [34m├─[39m [2m/sitemap-index.xml[22m [2m(+14ms)[22m 
[2m21:14:44[22m   [34m├─[39m [2m/sitemap.xml[22m [2m(+16ms)[22m 
[2m21:14:44[22m   [34m├─[39m [2m/index.html[22m [2m(+16ms)[22m 
[2m21:14:44[22m [32m✓ Completed in 1.76s.
[39m
[2m21:14:44[22m [34m[build][39m Rearranging server assets...
[2m21:14:44[22m [34m[build][39m [32m✓ Completed in 16.23s.[39m
[2m21:14:44[22m [34m[@astrojs/cloudflare][39m Injected immutable Cache-Control for /_astro/* into _headers.
[2m21:14:44[22m [34m[build][39m Server built in [1m19.04s[22m
[2m21:14:44[22m [34m[build][39m [1mComplete![22m
