
> oddava.me@1.0.0 deploy C:\Projects\oddava.me
> wrangler deploy --keep-vars


 ⛅️ wrangler 4.105.0 (update available 4.106.0)
───────────────────────────────────────────────
Using redirected Wrangler configuration.
 - Configuration being used: "dist\server\wrangler.json"
 - Original user's configuration: "wrangler.jsonc"
 - Deploy configuration file: ".wrangler\deploy\config.json"

Cloudflare collects anonymous telemetry about your usage of Wrangler. Learn more at https://github.com/cloudflare/workers-sdk/tree/main/packages/wrangler/telemetry.md
Attaching additional modules:
┌───────────────────────────────────────────────────────────┬──────┬─────────────┐
│ Name                                                      │ Type │ Size        │
├───────────────────────────────────────────────────────────┼──────┼─────────────┤
│ chunks/AdminLayout_B94zkXtf.mjs                           │ esm  │ 2.44 KiB    │
├───────────────────────────────────────────────────────────┼──────┼─────────────┤
│ chunks/admin_CGy_2wM8.mjs                                 │ esm  │ 4.25 KiB    │
├───────────────────────────────────────────────────────────┼──────┼─────────────┤
│ chunks/astro-component_CiHMWoPW.mjs                       │ esm  │ 1.18 KiB    │
├───────────────────────────────────────────────────────────┼──────┼─────────────┤
│ chunks/auth_zggxunPr.mjs                                  │ esm  │ 3.62 KiB    │
├───────────────────────────────────────────────────────────┼──────┼─────────────┤
│ chunks/body_D8xpRzhT.mjs                                  │ esm  │ 2.02 KiB    │
├───────────────────────────────────────────────────────────┼──────┼─────────────┤
│ chunks/cache_Vy0Z_3-e.mjs                                 │ esm  │ 2.18 KiB    │
├───────────────────────────────────────────────────────────┼──────┼─────────────┤
│ chunks/client_BQLPX_6s.mjs                                │ esm  │ 7.39 KiB    │
├───────────────────────────────────────────────────────────┼──────┼─────────────┤
│ chunks/consts_DGyPhplw.mjs                                │ esm  │ 0.56 KiB    │
├───────────────────────────────────────────────────────────┼──────┼─────────────┤
│ chunks/content-assets_CL5hQMHo.mjs                        │ esm  │ 0.14 KiB    │
├───────────────────────────────────────────────────────────┼──────┼─────────────┤
│ chunks/env_C70fXiKz.mjs                                   │ esm  │ 0.52 KiB    │
├───────────────────────────────────────────────────────────┼──────┼─────────────┤
│ chunks/guestbook_DJtkmcU1.mjs                             │ esm  │ 5.99 KiB    │
├───────────────────────────────────────────────────────────┼──────┼─────────────┤
│ chunks/http_DeIicuAG.mjs                                  │ esm  │ 3.54 KiB    │
├───────────────────────────────────────────────────────────┼──────┼─────────────┤
│ chunks/image-passthrough-endpoint_BSzQNROL.mjs            │ esm  │ 73.41 KiB   │
├───────────────────────────────────────────────────────────┼──────┼─────────────┤
│ chunks/image-service-workerd_tAFws5UH.mjs                 │ esm  │ 0.37 KiB    │
├───────────────────────────────────────────────────────────┼──────┼─────────────┤
│ chunks/index_BqHWhhjX.mjs                                 │ esm  │ 2.45 KiB    │
├───────────────────────────────────────────────────────────┼──────┼─────────────┤
│ chunks/index_ClU560S5.mjs                                 │ esm  │ 0.74 KiB    │
├───────────────────────────────────────────────────────────┼──────┼─────────────┤
│ chunks/local-redis_CIgefrfp.mjs                           │ esm  │ 0.60 KiB    │
├───────────────────────────────────────────────────────────┼──────┼─────────────┤
│ chunks/login_D0UZXu3q.mjs                                 │ esm  │ 4.07 KiB    │
├───────────────────────────────────────────────────────────┼──────┼─────────────┤
│ chunks/logout_pxyIUauU.mjs                                │ esm  │ 0.83 KiB    │
├───────────────────────────────────────────────────────────┼──────┼─────────────┤
│ chunks/noop-entrypoint_DsBX4kaI.mjs                       │ esm  │ 0.10 KiB    │
├───────────────────────────────────────────────────────────┼──────┼─────────────┤
│ chunks/overview_D2cB8tm2.mjs                              │ esm  │ 15.23 KiB   │
├───────────────────────────────────────────────────────────┼──────┼─────────────┤
│ chunks/rate-limit_D86h_Wuw.mjs                            │ esm  │ 1.81 KiB    │
├───────────────────────────────────────────────────────────┼──────┼─────────────┤
│ chunks/sequence_C6Sj4I9b.mjs                              │ esm  │ 228.25 KiB  │
├───────────────────────────────────────────────────────────┼──────┼─────────────┤
│ chunks/service_UhCZJwg7.mjs                               │ esm  │ 5.03 KiB    │
├───────────────────────────────────────────────────────────┼──────┼─────────────┤
│ chunks/session_DMTPBi-E.mjs                               │ esm  │ 3.07 KiB    │
├───────────────────────────────────────────────────────────┼──────┼─────────────┤
│ chunks/settings_BhqVTUfa.mjs                              │ esm  │ 1.51 KiB    │
├───────────────────────────────────────────────────────────┼──────┼─────────────┤
│ chunks/settings_BYe_3Ofj.mjs                              │ esm  │ 1.65 KiB    │
├───────────────────────────────────────────────────────────┼──────┼─────────────┤
│ chunks/signing_CpclTM0X.mjs                               │ esm  │ 4.88 KiB    │
├───────────────────────────────────────────────────────────┼──────┼─────────────┤
│ chunks/spotify-credentials_JxCDqTjD.mjs                   │ esm  │ 2.01 KiB    │
├───────────────────────────────────────────────────────────┼──────┼─────────────┤
│ chunks/spotify_BhFimXw7.mjs                               │ esm  │ 1.73 KiB    │
├───────────────────────────────────────────────────────────┼──────┼─────────────┤
│ chunks/storage_BCgtIM7O.mjs                               │ esm  │ 3.69 KiB    │
├───────────────────────────────────────────────────────────┼──────┼─────────────┤
│ chunks/storage_D2wjbFP7.mjs                               │ esm  │ 2.72 KiB    │
├───────────────────────────────────────────────────────────┼──────┼─────────────┤
│ chunks/worker-entry_RhngLrDN.mjs                          │ esm  │ 854.71 KiB  │
├───────────────────────────────────────────────────────────┼──────┼─────────────┤
│ chunks/_.._aLJ7oRSG.mjs                                   │ esm  │ 383.02 KiB  │
├───────────────────────────────────────────────────────────┼──────┼─────────────┤
│ chunks/_.._DJjRCD91.mjs                                   │ esm  │ 1.41 KiB    │
├───────────────────────────────────────────────────────────┼──────┼─────────────┤
│ chunks/_astro_data-layer-content_BZ6jRdIY.mjs             │ esm  │ 3.62 KiB    │
├───────────────────────────────────────────────────────────┼──────┼─────────────┤
│ chunks/_virtual_astro_server-island-manifest_CFl7y3Qj.mjs │ esm  │ 0.22 KiB    │
├───────────────────────────────────────────────────────────┼──────┼─────────────┤
│ chunks/_virtual_astro_session-driver_BKURVyoc.mjs         │ esm  │ 24.81 KiB   │
├───────────────────────────────────────────────────────────┼──────┼─────────────┤
│ virtual_astro_middleware.mjs                              │ esm  │ 1.83 KiB    │
├───────────────────────────────────────────────────────────┼──────┼─────────────┤
│ Total (39 modules)                                        │      │ 1657.59 KiB │
└───────────────────────────────────────────────────────────┴──────┴─────────────┘
🌀 Building list of assets...
✨ Read 52 files from the assets directory C:\Projects\oddava.me\dist\client
🌀 Starting asset upload...
🌀 Found 10 new or modified static assets to upload. Proceeding with upload...
+ /index.html
+ /library/index.html
+ /projects/oddava-me/index.html
+ /_astro/keystatic-page.DfzZWI9y.js
+ /blog/index.html
+ /links/index.html
+ /projects/anishows/index.html
+ /projects/index.html
+ /blog/my-first-blog-post/index.html
+ /about/index.html
Uploaded 3 of 10 assets
Uploaded 6 of 10 assets
Uploaded 10 of 10 assets
✨ Success! Uploaded 10 files (25 already uploaded) (4.05 sec)

Total Upload: 1657.76 KiB / gzip: 350.94 KiB
Worker Startup Time: 28 ms
Your Worker has access to the following bindings:
Binding            Resource      
env.ASSETS         Assets        

Uploaded oddava-me (21.36 sec)
Deployed oddava-me triggers (6.31 sec)
  https://oddava-me.oddava.workers.dev
Current Version ID: 78529c17-2822-443d-a877-a6b8c1cc3c36
